../Core/Src/main.cpp:80:6:void HAL_TIM_PWM_PulseFinishedCallback(TIM_HandleTypeDef*)	16	static
../Core/Src/main.cpp:117:6:void runCodec(uint16_t*)	24	static
../Core/Src/main.cpp:129:6:void scanADC()	8	static
../Core/Src/main.cpp:137:6:void feelBuffer()	16	static
../Core/Src/main.cpp:157:5:int main()	16	static
../Core/Src/main.cpp:239:6:void SystemClock_Config()	88	static
../Core/Src/main.cpp:286:13:void MX_ADC1_Init()	24	static
../Core/Src/main.cpp:338:13:void MX_DAC_Init()	16	static
../Core/Src/main.cpp:385:13:void MX_TIM1_Init()	32	static
../Core/Src/main.cpp:431:13:void MX_TIM2_Init()	32	static
../Core/Src/main.cpp:476:13:void MX_USART6_UART_Init()	8	static
../Core/Src/main.cpp:509:13:void MX_GPIO_Init()	48	static
../Core/Src/main.cpp:539:6:void Error_Handler()	4	static,ignoring_inline_asm
