../Core/Src/main.cpp:76:5:int main()	8	static
../Core/Src/main.cpp:124:6:void SystemClock_Config()	88	static
../Core/Src/main.cpp:171:13:void MX_ADC1_Init()	24	static
../Core/Src/main.cpp:223:13:void MX_DAC_Init()	16	static
../Core/Src/main.cpp:270:13:void MX_TIM1_Init()	32	static
../Core/Src/main.cpp:316:13:void MX_TIM2_Init()	32	static
../Core/Src/main.cpp:361:13:void MX_USART6_UART_Init()	8	static
../Core/Src/main.cpp:394:13:void MX_GPIO_Init()	48	static
../Core/Src/main.cpp:424:6:void Error_Handler()	4	static,ignoring_inline_asm
